/srv/ATHBA/docs/evidence/pr30-structural-20260910/target-repository.bundle is okay
The bundle contains these 20 refs:
be5de1aa020125dc0e80a9b8970f6a52bd38e716 refs/heads/main
8fd8619563f3c3ccf98174755afa9581e8b36e20 refs/heads/rack/change-pr30-structural-20260910T194503Z--REQ-001--frontier-0--pr30-structural-20260910T194503Z--REQ-001--frontier-0--developer-1--submission-5851132983252103809
ae3606cbd8d66ef6a24b4e069d5f3dbe9e7001af refs/heads/rack/change-pr30-structural-20260910T194503Z--REQ-001--frontier-2--pr30-structural-20260910T194503Z--REQ-001--frontier-2--developer-1--submission-15163580540876841171
ae08136c2b346c8ded328976c04faf822a06766e refs/heads/rack/change-pr30-structural-20260910T194503Z--REQ-001--scenario-draft--pr30-structural-20260910T194503Z--REQ-001--scenario-draft-1--submission-7140091609537186431
8e01080ec97941e6aea0e8318bb50e373d850cb2 refs/heads/rack/change-pr30-structural-20260910T194503Z--REQ-002--scenario-draft--pr30-structural-20260910T194503Z--REQ-002--scenario-draft-1--submission-4592081384208466350
ff7b8629b6291cfdf0ca79433967780a5a9ffd3e refs/heads/rack/change-pr30-structural-20260910T194503Z--REQ-002--scenario-draft--pr30-structural-20260910T194503Z--REQ-002--scenario-draft-2--submission-4592080284696838139
476af49cee0ec5c1370b88ff90034829566164ab refs/heads/rack/change-pr30-structural-20260910T194503Z--REQ-003--scenario-draft--pr30-structural-20260910T194503Z--REQ-003--scenario-draft-1--submission-11999682090185478201
bd0b66da1305dbdf8012ee0f439b11d4f0a6f744 refs/heads/rack/change-pr30-structural-20260910T194503Z--REQ-003--scenario-draft--pr30-structural-20260910T194503Z--REQ-003--scenario-draft-2--submission-11999678791650593568
7205351156e18fdd10ce497b86f4585f70fc5587 refs/heads/rack/change-pr30-structural-20260910T194503Z--REQ-004--scenario-draft--pr30-structural-20260910T194503Z--REQ-004--scenario-draft-1--submission-16182735446368340648
68bcb0af53cb4ba54abdde0a4a843f2785bc4305 refs/heads/rack/change-pr30-structural-20260910T194503Z--REQ-004--scenario-draft--pr30-structural-20260910T194503Z--REQ-004--scenario-draft-2--submission-16182738744903225281
be5de1aa020125dc0e80a9b8970f6a52bd38e716 HEAD
ae08136c2b346c8ded328976c04faf822a06766e worktrees/repo/HEAD
8e01080ec97941e6aea0e8318bb50e373d850cb2 worktrees/repo3/HEAD
ff7b8629b6291cfdf0ca79433967780a5a9ffd3e worktrees/repo4/HEAD
476af49cee0ec5c1370b88ff90034829566164ab worktrees/repo5/HEAD
bd0b66da1305dbdf8012ee0f439b11d4f0a6f744 worktrees/repo6/HEAD
7205351156e18fdd10ce497b86f4585f70fc5587 worktrees/repo7/HEAD
8fd8619563f3c3ccf98174755afa9581e8b36e20 worktrees/repo1/HEAD
ae3606cbd8d66ef6a24b4e069d5f3dbe9e7001af worktrees/repo2/HEAD
68bcb0af53cb4ba54abdde0a4a843f2785bc4305 worktrees/repo8/HEAD
The bundle records a complete history.
The bundle uses this hash algorithm: sha1
