Traceback (most recent call last):
  File "<frozen runpy>", line 198, in _run_module_as_main
  File "<frozen runpy>", line 88, in _run_code
  File "/srv/ATHBA/.venv/lib/python3.14/site-packages/pytest/__main__.py", line 9, in <module>
    raise SystemExit(pytest.console_main())
                     ~~~~~~~~~~~~~~~~~~~^^
  File "/srv/ATHBA/.venv/lib/python3.14/site-packages/_pytest/config/__init__.py", line 201, in console_main
    code = main()
  File "/srv/ATHBA/.venv/lib/python3.14/site-packages/_pytest/config/__init__.py", line 156, in main
    config = _prepareconfig(args, plugins)
  File "/srv/ATHBA/.venv/lib/python3.14/site-packages/_pytest/config/__init__.py", line 342, in _prepareconfig
    config = pluginmanager.hook.pytest_cmdline_parse(
        pluginmanager=pluginmanager, args=args
    )
  File "/srv/ATHBA/.venv/lib/python3.14/site-packages/pluggy/_hooks.py", line 512, in __call__
    return self._hookexec(self.name, self._hookimpls.copy(), kwargs, firstresult)
           ~~~~~~~~~~~~~~^^^^^^^^^^^^^^^^^^^^^^^^^^^^^^^^^^^^^^^^^^^^^^^^^^^^^^^^
  File "/srv/ATHBA/.venv/lib/python3.14/site-packages/pluggy/_manager.py", line 120, in _hookexec
    return self._inner_hookexec(hook_name, methods, kwargs, firstresult)
           ~~~~~~~~~~~~~~~~~~~~^^^^^^^^^^^^^^^^^^^^^^^^^^^^^^^^^^^^^^^^^
  File "/srv/ATHBA/.venv/lib/python3.14/site-packages/pluggy/_callers.py", line 167, in _multicall
    raise exception
  File "/srv/ATHBA/.venv/lib/python3.14/site-packages/pluggy/_callers.py", line 139, in _multicall
    teardown.throw(exception)
    ~~~~~~~~~~~~~~^^^^^^^^^^^
  File "/srv/ATHBA/.venv/lib/python3.14/site-packages/_pytest/helpconfig.py", line 112, in pytest_cmdline_parse
    config = yield
             ^^^^^
  File "/srv/ATHBA/.venv/lib/python3.14/site-packages/pluggy/_callers.py", line 121, in _multicall
    res = hook_impl.function(*args)
  File "/srv/ATHBA/.venv/lib/python3.14/site-packages/_pytest/config/__init__.py", line 1146, in pytest_cmdline_parse
    self.parse(args)
    ~~~~~~~~~~^^^^^^
  File "/srv/ATHBA/.venv/lib/python3.14/site-packages/_pytest/config/__init__.py", line 1527, in parse
    self._preparse(args, addopts=addopts)
    ~~~~~~~~~~~~~~^^^^^^^^^^^^^^^^^^^^^^^
  File "/srv/ATHBA/.venv/lib/python3.14/site-packages/_pytest/config/__init__.py", line 1431, in _preparse
    self.hook.pytest_load_initial_conftests(
    ~~~~~~~~~~~~~~~~~~~~~~~~~~~~~~~~~~~~~~~^
        early_config=self, args=args, parser=self._parser
        ^^^^^^^^^^^^^^^^^^^^^^^^^^^^^^^^^^^^^^^^^^^^^^^^^
    )
    ^
  File "/srv/ATHBA/.venv/lib/python3.14/site-packages/pluggy/_hooks.py", line 512, in __call__
    return self._hookexec(self.name, self._hookimpls.copy(), kwargs, firstresult)
           ~~~~~~~~~~~~~~^^^^^^^^^^^^^^^^^^^^^^^^^^^^^^^^^^^^^^^^^^^^^^^^^^^^^^^^
  File "/srv/ATHBA/.venv/lib/python3.14/site-packages/pluggy/_manager.py", line 120, in _hookexec
    return self._inner_hookexec(hook_name, methods, kwargs, firstresult)
           ~~~~~~~~~~~~~~~~~~~~^^^^^^^^^^^^^^^^^^^^^^^^^^^^^^^^^^^^^^^^^
  File "/srv/ATHBA/.venv/lib/python3.14/site-packages/pluggy/_callers.py", line 167, in _multicall
    raise exception
  File "/srv/ATHBA/.venv/lib/python3.14/site-packages/pluggy/_callers.py", line 139, in _multicall
    teardown.throw(exception)
    ~~~~~~~~~~~~~~^^^^^^^^^^^
  File "/srv/ATHBA/.venv/lib/python3.14/site-packages/_pytest/warnings.py", line 129, in pytest_load_initial_conftests
    return (yield)
            ^^^^^
  File "/srv/ATHBA/.venv/lib/python3.14/site-packages/pluggy/_callers.py", line 139, in _multicall
    teardown.throw(exception)
    ~~~~~~~~~~~~~~^^^^^^^^^^^
  File "/srv/ATHBA/.venv/lib/python3.14/site-packages/_pytest/capture.py", line 173, in pytest_load_initial_conftests
    yield
  File "/srv/ATHBA/.venv/lib/python3.14/site-packages/pluggy/_callers.py", line 121, in _multicall
    res = hook_impl.function(*args)
  File "/srv/ATHBA/.venv/lib/python3.14/site-packages/pytest_django/plugin.py", line 325, in pytest_load_initial_conftests
    _initialize_django(early_config, options, args, report_header)
    ~~~~~~~~~~~~~~~~~~^^^^^^^^^^^^^^^^^^^^^^^^^^^^^^^^^^^^^^^^^^^^
  File "/srv/ATHBA/.venv/lib/python3.14/site-packages/pytest_django/plugin.py", line 393, in _initialize_django
    with _handle_import_error(_django_project_scan_outcome):
         ~~~~~~~~~~~~~~~~~~~~^^^^^^^^^^^^^^^^^^^^^^^^^^^^^^
  File "/usr/lib/python3.14/contextlib.py", line 162, in __exit__
    self.gen.throw(value)
    ~~~~~~~~~~~~~~^^^^^^^
  File "/srv/ATHBA/.venv/lib/python3.14/site-packages/pytest_django/plugin.py", line 193, in _handle_import_error
    raise ImportError(msg) from None
ImportError: Set the DJANGO_SECRET_KEY environment variable

pytest-django found a Django project in . (it contains manage.py) and added it to the Python path.
If this is wrong, add "django_find_project = false" to pytest.ini and explicitly manage your Python path.
