...........................................................              [100%]
=============================== warnings summary ===============================
.venv/lib/python3.14/site-packages/pytest_asyncio/plugin.py:169: 2525 warnings
  /srv/ATHBA/.venv/lib/python3.14/site-packages/pytest_asyncio/plugin.py:169: DeprecationWarning: 'asyncio.iscoroutinefunction' is deprecated and slated for removal in Python 3.16; use inspect.iscoroutinefunction() instead
    return asyncio.iscoroutinefunction(obj) or inspect.isasyncgenfunction(obj)

.venv/lib/python3.14/site-packages/pytest_asyncio/plugin.py:433: 59 warnings
  /srv/ATHBA/.venv/lib/python3.14/site-packages/pytest_asyncio/plugin.py:433: DeprecationWarning: 'asyncio.iscoroutinefunction' is deprecated and slated for removal in Python 3.16; use inspect.iscoroutinefunction() instead
    return asyncio.iscoroutinefunction(func)

tests/development/test_post_behavior_boundaries.py::test_naming_boundary_transmits_exact_focused_material_only
  /srv/ATHBA/.venv/lib/python3.14/site-packages/pytest_asyncio/plugin.py:1005: DeprecationWarning: 'asyncio.get_event_loop_policy' is deprecated and slated for removal in Python 3.16
    return asyncio.get_event_loop_policy()

tests/development/test_post_behavior_boundaries.py::test_naming_boundary_transmits_exact_focused_material_only
tests/development/test_post_behavior_boundaries.py::test_refactor_boundary_contains_production_only
tests/development/test_post_behavior_boundaries.py::test_local_endpoint_is_rechecked_before_each_invocation
tests/development/test_post_behavior_boundaries.py::test_raw_assessor_evidence_is_retained_before_parse_failure
tests/development/test_post_behavior_boundaries.py::test_provider_error_is_evidenced_without_retry_or_fallback
tests/development/test_post_behavior_boundaries.py::test_evidence_start_failure_prevents_model_invocation
tests/development/test_post_behavior_boundaries.py::test_naming_prompt_limits_mismatch_to_missing_required_identifier
tests/development/test_post_behavior_boundaries.py::test_naming_prompt_output_identifiers_have_no_trailing_punctuation
  /srv/ATHBA/.venv/lib/python3.14/site-packages/pytest_asyncio/plugin.py:751: DeprecationWarning: 'asyncio.get_event_loop_policy' is deprecated and slated for removal in Python 3.16
    _restore_event_loop_policy(asyncio.get_event_loop_policy()),

tests/development/test_post_behavior_boundaries.py::test_naming_boundary_transmits_exact_focused_material_only
tests/development/test_post_behavior_boundaries.py::test_refactor_boundary_contains_production_only
tests/development/test_post_behavior_boundaries.py::test_local_endpoint_is_rechecked_before_each_invocation
tests/development/test_post_behavior_boundaries.py::test_raw_assessor_evidence_is_retained_before_parse_failure
tests/development/test_post_behavior_boundaries.py::test_provider_error_is_evidenced_without_retry_or_fallback
tests/development/test_post_behavior_boundaries.py::test_evidence_start_failure_prevents_model_invocation
tests/development/test_post_behavior_boundaries.py::test_naming_prompt_limits_mismatch_to_missing_required_identifier
tests/development/test_post_behavior_boundaries.py::test_naming_prompt_output_identifiers_have_no_trailing_punctuation
  /srv/ATHBA/.venv/lib/python3.14/site-packages/pytest_asyncio/plugin.py:977: DeprecationWarning: 'asyncio.set_event_loop_policy' is deprecated and slated for removal in Python 3.16
    asyncio.set_event_loop_policy(new_loop_policy)

tests/development/test_post_behavior_boundaries.py::test_naming_boundary_transmits_exact_focused_material_only
tests/development/test_post_behavior_boundaries.py::test_refactor_boundary_contains_production_only
tests/development/test_post_behavior_boundaries.py::test_local_endpoint_is_rechecked_before_each_invocation
tests/development/test_post_behavior_boundaries.py::test_raw_assessor_evidence_is_retained_before_parse_failure
tests/development/test_post_behavior_boundaries.py::test_provider_error_is_evidenced_without_retry_or_fallback
tests/development/test_post_behavior_boundaries.py::test_evidence_start_failure_prevents_model_invocation
tests/development/test_post_behavior_boundaries.py::test_naming_prompt_limits_mismatch_to_missing_required_identifier
tests/development/test_post_behavior_boundaries.py::test_naming_prompt_output_identifiers_have_no_trailing_punctuation
  /srv/ATHBA/.venv/lib/python3.14/site-packages/pytest_asyncio/plugin.py:978: DeprecationWarning: 'asyncio.get_event_loop_policy' is deprecated and slated for removal in Python 3.16
    loop = asyncio.get_event_loop_policy().new_event_loop()

tests/development/test_post_behavior_boundaries.py::test_naming_boundary_transmits_exact_focused_material_only
tests/development/test_post_behavior_boundaries.py::test_refactor_boundary_contains_production_only
tests/development/test_post_behavior_boundaries.py::test_local_endpoint_is_rechecked_before_each_invocation
tests/development/test_post_behavior_boundaries.py::test_raw_assessor_evidence_is_retained_before_parse_failure
tests/development/test_post_behavior_boundaries.py::test_provider_error_is_evidenced_without_retry_or_fallback
tests/development/test_post_behavior_boundaries.py::test_evidence_start_failure_prevents_model_invocation
tests/development/test_post_behavior_boundaries.py::test_naming_prompt_limits_mismatch_to_missing_required_identifier
tests/development/test_post_behavior_boundaries.py::test_naming_prompt_output_identifiers_have_no_trailing_punctuation
  /srv/ATHBA/.venv/lib/python3.14/site-packages/pytest_asyncio/plugin.py:766: DeprecationWarning: 'asyncio.get_event_loop_policy' is deprecated and slated for removal in Python 3.16
    policy = asyncio.get_event_loop_policy()

tests/development/test_post_behavior_boundaries.py::test_naming_boundary_transmits_exact_focused_material_only
tests/development/test_post_behavior_boundaries.py::test_refactor_boundary_contains_production_only
tests/development/test_post_behavior_boundaries.py::test_local_endpoint_is_rechecked_before_each_invocation
tests/development/test_post_behavior_boundaries.py::test_raw_assessor_evidence_is_retained_before_parse_failure
tests/development/test_post_behavior_boundaries.py::test_provider_error_is_evidenced_without_retry_or_fallback
tests/development/test_post_behavior_boundaries.py::test_evidence_start_failure_prevents_model_invocation
tests/development/test_post_behavior_boundaries.py::test_naming_prompt_limits_mismatch_to_missing_required_identifier
tests/development/test_post_behavior_boundaries.py::test_naming_prompt_output_identifiers_have_no_trailing_punctuation
  /srv/ATHBA/.venv/lib/python3.14/site-packages/pytest_asyncio/plugin.py:811: DeprecationWarning: 'asyncio.get_event_loop_policy' is deprecated and slated for removal in Python 3.16
    policy = asyncio.get_event_loop_policy()

tests/development/test_post_behavior_boundaries.py::test_naming_boundary_transmits_exact_focused_material_only
tests/development/test_post_behavior_boundaries.py::test_refactor_boundary_contains_production_only
tests/development/test_post_behavior_boundaries.py::test_local_endpoint_is_rechecked_before_each_invocation
tests/development/test_post_behavior_boundaries.py::test_raw_assessor_evidence_is_retained_before_parse_failure
tests/development/test_post_behavior_boundaries.py::test_provider_error_is_evidenced_without_retry_or_fallback
tests/development/test_post_behavior_boundaries.py::test_evidence_start_failure_prevents_model_invocation
tests/development/test_post_behavior_boundaries.py::test_naming_prompt_limits_mismatch_to_missing_required_identifier
tests/development/test_post_behavior_boundaries.py::test_naming_prompt_output_identifiers_have_no_trailing_punctuation
  /srv/ATHBA/.venv/lib/python3.14/site-packages/pytest_asyncio/plugin.py:835: DeprecationWarning: 'asyncio.set_event_loop_policy' is deprecated and slated for removal in Python 3.16
    asyncio.set_event_loop_policy(previous_policy)

tests/development/test_post_behavior_boundaries.py::test_naming_boundary_transmits_exact_focused_material_only
tests/development/test_post_behavior_boundaries.py::test_refactor_boundary_contains_production_only
tests/development/test_post_behavior_boundaries.py::test_local_endpoint_is_rechecked_before_each_invocation
tests/development/test_post_behavior_boundaries.py::test_raw_assessor_evidence_is_retained_before_parse_failure
tests/development/test_post_behavior_boundaries.py::test_provider_error_is_evidenced_without_retry_or_fallback
tests/development/test_post_behavior_boundaries.py::test_evidence_start_failure_prevents_model_invocation
tests/development/test_post_behavior_boundaries.py::test_naming_prompt_limits_mismatch_to_missing_required_identifier
tests/development/test_post_behavior_boundaries.py::test_naming_prompt_output_identifiers_have_no_trailing_punctuation
  /srv/ATHBA/.venv/lib/python3.14/site-packages/pytest_asyncio/plugin.py:847: DeprecationWarning: 'asyncio.get_event_loop_policy' is deprecated and slated for removal in Python 3.16
    policy = asyncio.get_event_loop_policy()

-- Docs: https://docs.pytest.org/en/stable/how-to/capture-warnings.html
59 passed, 2641 warnings in 0.57s
